cabal-version:      3.0
name:               4
version:            0.1.0.0

-- A short (one-line) description of the package.
-- synopsis:

-- A longer description of the package.
-- description:
license:            NONE

-- The package author(s).
-- author:

-- An email address to which users can send suggestions, bug reports, and patches.
-- maintainer:

-- A copyright notice.
-- copyright:
build-type:         Simple
extra-source-files: CHANGELOG.md
